Maude> ==========================================
reduce in META-LEVEL : metaPrettyPrint(fmod 'FOO is
  protecting 'FLOAT .
  sorts none .
  none
  none
  none
  none
endfm, '_+_['1.0.FiniteFloat,'1.0.FiniteFloat]) .
rewrites: 2
result NeQidList: '1.0 '+ '1.0
==========================================
reduce in META-LEVEL : metaPrettyPrint(fmod 'FOO is
  protecting 'FLOAT .
  sorts none .
  none
  none
  none
  none
endfm, 'X:Float) .
rewrites: 2
result Variable: 'X:Float

r g b
==========================================
reduce in META-LEVEL : metaPrettyPrint(fmod 'FOO is
  protecting 'RAT .
  sorts none .
  none
  none
  none
  none
endfm, 's_['0.Zero]) .
rewrites: 2
result Sort: '1
==========================================
reduce in META-LEVEL : metaPrettyPrint(fmod 'FOO is
  protecting 'RAT .
  sorts none .
  none
  none
  none
  none
endfm, 's_['s_['0.Zero]], mixfix flat format number rat) .
rewrites: 1
result NeTypeList: 's '1
==========================================
reduce in META-LEVEL : metaPrettyPrint(fmod 'FOO is
  protecting 'RAT .
  sorts none .
  none
  none
  none
  none
endfm, 's_['s_['0.Zero]], none) .
rewrites: 1
result NeTypeList: 's_ '`( 's_ '`( '0 '`) '`)
==========================================
reduce in META-LEVEL : metaPrettyPrint(fmod 'FOO is
  protecting 'RAT .
  sorts none .
  none
  none
  none
  none
endfm, '-_['s_['0.Zero]]) .
rewrites: 2
result Sort: '-1
==========================================
reduce in META-LEVEL : metaPrettyPrint(fmod 'FOO is
  protecting 'RAT .
  sorts none .
  none
  none
  none
  none
endfm, '_/_['-_['s_['0.Zero]],'s_['0.Zero]]) .
rewrites: 2
result Sort: '-1/1
==========================================
reduce in META-LEVEL : metaPrettyPrint(fmod 'FOO is
  protecting 'RAT .
  sorts none .
  none
  none
  none
  none
endfm, '-_['s_^22['0.Zero]]) .
rewrites: 2
result Sort: '-22
==========================================
reduce in META-LEVEL : metaPrettyPrint(fmod 'FOO is
  protecting 'RAT .
  sorts none .
  none
  none
  none
  none
endfm, '_/_['-_['s_^6789['0.Zero]],'s_^12345['0.Zero]]) .
rewrites: 2
result Sort: '-6789/12345
==========================================
reduce in META-LEVEL : metaPrettyPrint(fmod 'FOO is
  protecting 'RAT .
  sorts none .
  none
  none
  none
  none
endfm, '_/_['-_['s_^6789['0.Zero]],'s_^12345['0.Zero]], mixfix) .
rewrites: 1
result NeTypeList: '- 's_^6789 '`( '0 '`) '/ 's_^12345 '`( '0 '`)
==========================================
reduce in META-LEVEL : metaPrettyPrint(fmod 'FOO is
  protecting 'RAT .
  sorts none .
  none
  none
  none
  none
endfm, '_/_['-_['s_^6789['0.Zero]],'s_^12345['0.Zero]], mixfix number) .
rewrites: 1
result NeTypeList: '-6789 '/ '12345
==========================================
reduce in META-LEVEL : metaPrettyPrint(fmod 'FOO is
  protecting 'RAT .
  sorts none .
  none
  none
  none
  none
endfm, '_/_['-_['s_^6789['0.Zero]],'s_^12345['0.Zero]], mixfix rat) .
rewrites: 1
result Sort: '-6789/12345
Maude> Bye.
